---
source: lmn-core/tests/report_snapshot.rs
assertion_line: 215
expression: report
---
{
  "version": 2,
  "run": {
    "mode": "fixed",
    "elapsed_ms": 5000.0,
    "curve_duration_ms": null,
    "template_generation_ms": null
  },
  "requests": {
    "total": 1000,
    "ok": 985,
    "failed": 10,
    "error_rate": 0.01,
    "throughput_rps": 100.0
  },
  "latency": {
    "min_ms": 1.0,
    "p10_ms": 2.0,
    "p25_ms": 3.0,
    "p50_ms": 5.0,
    "p75_ms": 8.0,
    "p90_ms": 12.0,
    "p95_ms": 18.0,
    "p99_ms": 40.0,
    "max_ms": 100.0,
    "avg_ms": 7.5
  },
  "status_codes": {
    "200": 985,
    "500": 10,
    "error": 5
  },
  "response_stats": null,
  "curve_stages": null,
  "scenarios": null,
  "thresholds": null
}
